
Allocating common symbols
Common symbol       size              file

alarm_State         0x4               Alarm_Actuator_Driver.o
alarm_monitor_State
                    0x4               alarm_monitor.o
pressure_Stata      0x4               Pressure_Sensor_driver.o
mainAlgState        0x4               mainALgorithm.o

Memory Configuration

Name             Origin             Length             Attributes
flash            0x00000000         0x20000000         xr
sram             0x20000000         0x20000000         xrw
*default*        0x00000000         0xffffffff

Linker script and memory map


.text           0x00000000      0x470
 *(.vectors*)
 .vectors       0x00000000       0x1c startup.o
                0x00000000                g_p_fn_vectors
 *(.text*)
 .text          0x0000001c       0xb0 Alarm_Actuator_Driver.o
                0x0000001c                stop_alarm
                0x00000038                start_alarm
                0x00000054                ST_init
                0x00000070                ST_waiting
                0x0000008c                ST_Alarm_off
                0x000000ac                ST_Alarm_on
 .text          0x000000cc       0x80 Pressure_Sensor_driver.o
                0x000000cc                ST_ps_init
                0x000000e8                ST_ps_reading
                0x00000120                ST_ps_waiting
 .text          0x0000014c       0x68 alarm_monitor.o
                0x0000014c                high_pressure
                0x00000168                ST_Monitor_alarm_off
                0x00000174                ST_Monitor_alarm_on
                0x00000190                ST_Monitor_waiting
 .text          0x000001b4      0x10c driver.o
                0x000001b4                Delay
                0x000001d8                getPressureVal
                0x000001f0                Set_Alarm_actuator
                0x00000240                GPIO_INITIALIZATION
 .text          0x000002c0       0x90 main.o
                0x000002c0                setup
                0x00000314                main
 .text          0x00000350       0x64 mainALgorithm.o
                0x00000350                set_pressure_value
                0x00000380                ST_HighPressureDetection
 .text          0x000003b4       0xbc startup.o
                0x000003b4                Bus_Fault_Handler
                0x000003b4                MM_Fault_Handler
                0x000003b4                Default_Handler
                0x000003b4                Usage_Fault_Handler
                0x000003b4                Hard_Fault_Handler
                0x000003b4                NMI_Handler
                0x000003c0                Rest_Handler
 *(.rodata*)
                0x00000470                _E_TEXT = .

.glue_7         0x00000470        0x0
 .glue_7        0x00000000        0x0 linker stubs

.glue_7t        0x00000470        0x0
 .glue_7t       0x00000000        0x0 linker stubs

.vfp11_veneer   0x00000470        0x0
 .vfp11_veneer  0x00000000        0x0 linker stubs

.v4_bx          0x00000470        0x0
 .v4_bx         0x00000000        0x0 linker stubs

.iplt           0x00000470        0x0
 .iplt          0x00000000        0x0 Alarm_Actuator_Driver.o

.rel.dyn        0x00000470        0x0
 .rel.iplt      0x00000000        0x0 Alarm_Actuator_Driver.o

.data           0x20000000        0x4 load address 0x00000470
                0x20000000                _S_DATA = .
 *(.data*)
 .data          0x20000000        0x0 Alarm_Actuator_Driver.o
 .data          0x20000000        0x0 Pressure_Sensor_driver.o
 .data          0x20000000        0x0 alarm_monitor.o
 .data          0x20000000        0x0 driver.o
 .data          0x20000000        0x0 main.o
 .data          0x20000000        0x4 mainALgorithm.o
                0x20000000                threshold
 .data          0x20000004        0x0 startup.o
                0x20000004                . = ALIGN (0x4)
                0x20000004                _E_DATA = .

.igot.plt       0x20000004        0x0 load address 0x00000474
 .igot.plt      0x00000000        0x0 Alarm_Actuator_Driver.o

.bss            0x20000004      0x418 load address 0x00000474
                0x20000004                _S_BSS = .
 *(.bss*)
 .bss           0x20000004        0x0 Alarm_Actuator_Driver.o
 .bss           0x20000004        0x4 Pressure_Sensor_driver.o
 .bss           0x20000008        0x0 alarm_monitor.o
 .bss           0x20000008        0x0 driver.o
 .bss           0x20000008        0x0 main.o
 .bss           0x20000008        0x4 mainALgorithm.o
                0x20000008                Pval
 .bss           0x2000000c      0x400 startup.o
                0x2000040c                . = ALIGN (0x4)
                0x2000040c                _E_BSS = .
 COMMON         0x2000040c        0x4 Alarm_Actuator_Driver.o
                0x2000040c                alarm_State
 COMMON         0x20000410        0x4 Pressure_Sensor_driver.o
                0x20000410                pressure_Stata
 COMMON         0x20000414        0x4 alarm_monitor.o
                0x20000414                alarm_monitor_State
 COMMON         0x20000418        0x4 mainALgorithm.o
                0x20000418                mainAlgState
LOAD Alarm_Actuator_Driver.o
LOAD Pressure_Sensor_driver.o
LOAD alarm_monitor.o
LOAD driver.o
LOAD main.o
LOAD mainALgorithm.o
LOAD startup.o
OUTPUT(unit3_lab4_cortexM4.elf elf32-littlearm)

.debug_info     0x00000000      0x764
 .debug_info    0x00000000      0x119 Alarm_Actuator_Driver.o
 .debug_info    0x00000119       0xe9 Pressure_Sensor_driver.o
 .debug_info    0x00000202       0xee alarm_monitor.o
 .debug_info    0x000002f0      0x103 driver.o
 .debug_info    0x000003f3       0xe9 main.o
 .debug_info    0x000004dc       0xfb mainALgorithm.o
 .debug_info    0x000005d7      0x18d startup.o

.debug_abbrev   0x00000000      0x41a
 .debug_abbrev  0x00000000       0x94 Alarm_Actuator_Driver.o
 .debug_abbrev  0x00000094       0x8b Pressure_Sensor_driver.o
 .debug_abbrev  0x0000011f       0x7e alarm_monitor.o
 .debug_abbrev  0x0000019d       0x9d driver.o
 .debug_abbrev  0x0000023a       0x7e main.o
 .debug_abbrev  0x000002b8       0x8f mainALgorithm.o
 .debug_abbrev  0x00000347       0xd3 startup.o

.debug_loc      0x00000000      0x424
 .debug_loc     0x00000000      0x108 Alarm_Actuator_Driver.o
 .debug_loc     0x00000108       0x84 Pressure_Sensor_driver.o
 .debug_loc     0x0000018c       0xb0 alarm_monitor.o
 .debug_loc     0x0000023c       0xc8 driver.o
 .debug_loc     0x00000304       0x58 main.o
 .debug_loc     0x0000035c       0x64 mainALgorithm.o
 .debug_loc     0x000003c0       0x64 startup.o

.debug_aranges  0x00000000       0xe0
 .debug_aranges
                0x00000000       0x20 Alarm_Actuator_Driver.o
 .debug_aranges
                0x00000020       0x20 Pressure_Sensor_driver.o
 .debug_aranges
                0x00000040       0x20 alarm_monitor.o
 .debug_aranges
                0x00000060       0x20 driver.o
 .debug_aranges
                0x00000080       0x20 main.o
 .debug_aranges
                0x000000a0       0x20 mainALgorithm.o
 .debug_aranges
                0x000000c0       0x20 startup.o

.debug_line     0x00000000      0x340
 .debug_line    0x00000000       0x5a Alarm_Actuator_Driver.o
 .debug_line    0x0000005a       0x54 Pressure_Sensor_driver.o
 .debug_line    0x000000ae       0x4c alarm_monitor.o
 .debug_line    0x000000fa       0x9c driver.o
 .debug_line    0x00000196       0xb2 main.o
 .debug_line    0x00000248       0x47 mainALgorithm.o
 .debug_line    0x0000028f       0xb1 startup.o

.debug_str      0x00000000      0x309
 .debug_str     0x00000000      0x110 Alarm_Actuator_Driver.o
                                0x149 (size before relaxing)
 .debug_str     0x00000110       0x54 Pressure_Sensor_driver.o
                                0x136 (size before relaxing)
 .debug_str     0x00000164       0x6e alarm_monitor.o
                                0x150 (size before relaxing)
 .debug_str     0x000001d2       0x4c driver.o
                                0x137 (size before relaxing)
 .debug_str     0x0000021e       0x1f main.o
                                0x130 (size before relaxing)
 .debug_str     0x0000023d       0x46 mainALgorithm.o
                                0x149 (size before relaxing)
 .debug_str     0x00000283       0x86 startup.o
                                0x16c (size before relaxing)

.comment        0x00000000       0x11
 .comment       0x00000000       0x11 Alarm_Actuator_Driver.o
                                 0x12 (size before relaxing)
 .comment       0x00000000       0x12 Pressure_Sensor_driver.o
 .comment       0x00000000       0x12 alarm_monitor.o
 .comment       0x00000000       0x12 driver.o
 .comment       0x00000000       0x12 main.o
 .comment       0x00000000       0x12 mainALgorithm.o
 .comment       0x00000000       0x12 startup.o

.ARM.attributes
                0x00000000       0x33
 .ARM.attributes
                0x00000000       0x33 Alarm_Actuator_Driver.o
 .ARM.attributes
                0x00000033       0x33 Pressure_Sensor_driver.o
 .ARM.attributes
                0x00000066       0x33 alarm_monitor.o
 .ARM.attributes
                0x00000099       0x33 driver.o
 .ARM.attributes
                0x000000cc       0x33 main.o
 .ARM.attributes
                0x000000ff       0x33 mainALgorithm.o
 .ARM.attributes
                0x00000132       0x33 startup.o

.debug_frame    0x00000000      0x2d8
 .debug_frame   0x00000000       0xa8 Alarm_Actuator_Driver.o
 .debug_frame   0x000000a8       0x60 Pressure_Sensor_driver.o
 .debug_frame   0x00000108       0x7c alarm_monitor.o
 .debug_frame   0x00000184       0x78 driver.o
 .debug_frame   0x000001fc       0x48 main.o
 .debug_frame   0x00000244       0x48 mainALgorithm.o
 .debug_frame   0x0000028c       0x4c startup.o
